TAP version 13
# Subtest: mintlify CJS loader rewrites Vite __require imports to the named namespace export
ok 1 - mintlify CJS loader rewrites Vite __require imports to the named namespace export
  ---
  duration_ms: 0.652375
  type: 'test'
  ...
# Subtest: mintlify CJS loader leaves files without __require unchanged
ok 2 - mintlify CJS loader leaves files without __require unchanged
  ---
  duration_ms: 0.054542
  type: 'test'
  ...
# Subtest: loader resolves Vite, default CommonJS, and named CommonJS namespaces
ok 3 - loader resolves Vite, default CommonJS, and named CommonJS namespaces
  ---
  duration_ms: 0.082041
  type: 'test'
  ...
1..3
# tests 3
# suites 0
# pass 3
# fail 0
# cancelled 0
# skipped 0
# todo 0
# duration_ms 64.567417
