TAP version 13
# Subtest: mintlify CJS loader rewrites Vite __require imports to the named namespace export
ok 1 - mintlify CJS loader rewrites Vite __require imports to the named namespace export
  ---
  duration_ms: 1.042458
  type: 'test'
  ...
# Subtest: mintlify CJS loader leaves files without __require unchanged
ok 2 - mintlify CJS loader leaves files without __require unchanged
  ---
  duration_ms: 0.074333
  type: 'test'
  ...
# Subtest: loader resolves Vite, default CommonJS, and named CommonJS namespaces
ok 3 - loader resolves Vite, default CommonJS, and named CommonJS namespaces
  ---
  duration_ms: 0.138917
  type: 'test'
  ...
# Subtest: all executable code fixtures render through real adapters
ok 4 - all executable code fixtures render through real adapters
  ---
  duration_ms: 39.648167
  type: 'test'
  ...
# Subtest: compiled fences preserve token elements independently from exact source
ok 5 - compiled fences preserve token elements independently from exact source
  ---
  duration_ms: 134.087625
  type: 'test'
  ...
# Subtest: fences without raw metadata retain content without guessing copy text
ok 6 - fences without raw metadata retain content without guessing copy text
  ---
  duration_ms: 0.369375
  type: 'test'
  ...
# Subtest: code source honors compiler metadata and preserves whitespace
ok 7 - code source honors compiler metadata and preserves whitespace
  ---
  duration_ms: 0.13925
  type: 'test'
  ...
# Subtest: groups clamp initial selection and keep accessible panel associations
ok 8 - groups clamp initial selection and keep accessible panel associations
  ---
  duration_ms: 3.133709
  type: 'test'
  ...
# Subtest: explicit code UI themes and syntax data survive adapters
ok 9 - explicit code UI themes and syntax data survive adapters
  ---
  duration_ms: 1.695458
  type: 'test'
  ...
# Subtest: copy overrides, hidden assistant and line-state options render
ok 10 - copy overrides, hidden assistant and line-state options render
  ---
  duration_ms: 1.204459
  type: 'test'
  ...
# Subtest: empty registry, snippet elements and audio sources remain valid
ok 11 - empty registry, snippet elements and audio sources remain valid
  ---
  duration_ms: 5.764208
  type: 'test'
  ...
# Subtest: Tidal highlighter emits real syntax spans and precise line states
ok 12 - Tidal highlighter emits real syntax spans and precise line states
  ---
  duration_ms: 119.372417
  type: 'test'
  ...
# Subtest: explicit CSS-variable syntax theme honors Shiki variable names
ok 13 - explicit CSS-variable syntax theme honors Shiki variable names
  ---
  duration_ms: 170.743833
  type: 'test'
  ...
# Subtest: dropdown public display names and state-valued trigger classes survive
ok 14 - dropdown public display names and state-valued trigger classes survive
  ---
  duration_ms: 0.853
  type: 'test'
  ...
# Subtest: state class adapters preserve caller render functions and elements
ok 15 - state class adapters preserve caller render functions and elements
  ---
  duration_ms: 0.765084
  type: 'test'
  ...
# Subtest: explicit CSS-variable themes are separated from forced Tidal surfaces
ok 16 - explicit CSS-variable themes are separated from forced Tidal surfaces
  ---
  duration_ms: 0.309375
  type: 'test'
  ...
# Subtest: installed package runtime census remains 42 components and 12 utilities
ok 17 - installed package runtime census remains 42 components and 12 utilities
  ---
  duration_ms: 0.57975
  type: 'test'
  ...
# Subtest: compatibility runtime preserves every package runtime import and compound member
ok 18 - compatibility runtime preserves every package runtime import and compound member
  ---
  duration_ms: 1357.119792
  type: 'test'
  ...
# Subtest: production MDX map exposes every component and compound while caller overrides win
ok 19 - production MDX map exposes every component and compound while caller overrides win
  ---
  duration_ms: 773.100292
  type: 'test'
  ...
# Subtest: default Mermaid theme resolves Tidal tokens while authored configuration keeps authority
ok 20 - default Mermaid theme resolves Tidal tokens while authored configuration keeps authority
  ---
  duration_ms: 0.776459
  type: 'test'
  ...
# Subtest: SVG identities and references are isolated without rewriting authored colors or data IDs
ok 21 - SVG identities and references are isolated without rewriting authored colors or data IDs
  ---
  duration_ms: 0.730375
  type: 'test'
  ...
# Subtest: render queue prevents overlapping singleton config transactions and recovers after failure
ok 22 - render queue prevents overlapping singleton config transactions and recovers after failure
  ---
  duration_ms: 0.847042
  type: 'test'
  ...
# Subtest: Mermaid SSR exposes names/loading and declared explicit versus automatic action states
ok 23 - Mermaid SSR exposes names/loading and declared explicit versus automatic action states
  ---
  duration_ms: 12.093333
  type: 'test'
  ...
# Subtest: public zoom controls retain all seven accessible actions and callback direction values
ok 24 - public zoom controls retain all seven accessible actions and callback direction values
  ---
  duration_ms: 0.462875
  type: 'test'
  ...
# Subtest: all diagram fixtures have stable metadata and render actual client boundaries
ok 25 - all diagram fixtures have stable metadata and render actual client boundaries
  ---
  duration_ms: 615.361417
  type: 'test'
  ...
# Subtest: compound members and standalone MDX aliases are identical
ok 26 - compound members and standalone MDX aliases are identical
  ---
  duration_ms: 0.578959
  type: 'test'
  ...
# Subtest: accordion preserves legacy boolean/string initial states and URL ancestry
ok 27 - accordion preserves legacy boolean/string initial states and URL ancestry
  ---
  duration_ms: 16.69975
  type: 'test'
  ...
# Subtest: expandable lazy rendering and unique summary-panel relationships
ok 28 - expandable lazy rendering and unique summary-panel relationships
  ---
  duration_ms: 4.8285
  type: 'test'
  ...
# Subtest: accordion repeated titles have unique IDs in server HTML and disabled semantics
ok 29 - accordion repeated titles have unique IDs in server HTML and disabled semantics
  ---
  duration_ms: 2.997334
  type: 'test'
  ...
# Subtest: tabs preserve initial selection, duplicate-label IDs, panel ref surface and all content
ok 30 - tabs preserve initial selection, duplicate-label IDs, panel ref surface and all content
  ---
  duration_ms: 1.166625
  type: 'test'
  ...
# Subtest: steps keep heading sizes, explicit numbering, and nested list semantics
ok 31 - steps keep heading sizes, explicit numbering, and nested list semantics
  ---
  duration_ms: 1.037625
  type: 'test'
  ...
# Subtest: tree exposes open group ownership and omits closed or non-openable children
ok 32 - tree exposes open group ownership and omits closed or non-openable children
  ---
  duration_ms: 1.227291
  type: 'test'
  ...
# Subtest: every disclosure fixture is stable, documented, and executable
ok 33 - every disclosure fixture is stable, documented, and executable
  ---
  duration_ms: 587.03775
  type: 'test'
  ...
# Subtest: layout family exports every compatibility component and compound member
ok 34 - layout family exports every compatibility component and compound member
  ---
  duration_ms: 0.667917
  type: 'test'
  ...
# Subtest: Card preserves navigation semantics, explicit as, and disabled state
ok 35 - Card preserves navigation semantics, explicit as, and disabled state
  ---
  duration_ms: 9.117416
  type: 'test'
  ...
# Subtest: Columns and CardGroup preserve every column count and local defaults
ok 36 - Columns and CardGroup preserve every column count and local defaults
  ---
  duration_ms: 1.149958
  type: 'test'
  ...
# Subtest: Frame preserves media, author style, description rendering, and optional defaults
ok 37 - Frame preserves media, author style, description rendering, and optional defaults
  ---
  duration_ms: 0.60375
  type: 'test'
  ...
# Subtest: Panel and Tile retain caller HTML props and link states
ok 38 - Panel and Tile retain caller HTML props and link states
  ---
  duration_ms: 0.713334
  type: 'test'
  ...
# Subtest: Update defaults visible and honors hidden state
ok 39 - Update defaults visible and honors hidden state
  ---
  duration_ms: 0.692125
  type: 'test'
  ...
# Subtest: View requires an explicit registry and stays empty until client mount
ok 40 - View requires an explicit registry and stays empty until client mount
  ---
  duration_ms: 0.16025
  type: 'test'
  ...
# Subtest: Color keeps compact/table variants and author supplied current and legacy swatches
ok 41 - Color keeps compact/table variants and author supplied current and legacy swatches
  ---
  duration_ms: 3.070792
  type: 'test'
  ...
# Subtest: Icon preserves library, type, color, size, and override behavior
ok 42 - Icon preserves library, type, color, size, and override behavior
  ---
  duration_ms: 0.494083
  type: 'test'
  ...
# Subtest: fixtures are executable, uniquely identified, and cover enums and required states
ok 43 - fixtures are executable, uniquely identified, and cover enums and required states
  ---
  duration_ms: 12.305459
  type: 'test'
  ...
# Subtest: family CSS is fully scoped and uses shared semantic tokens without overriding swatches
ok 44 - family CSS is fully scoped and uses shared semantic tokens without overriding swatches
  ---
  duration_ms: 10.972625
  type: 'test'
  ...
# Subtest: overlay family exports the complete runtime and type-compatible ref adapters
ok 45 - overlay family exports the complete runtime and type-compatible ref adapters
  ---
  duration_ms: 0.600167
  type: 'test'
  ...
# Subtest: Tooltip forwards every declared prop and marks its trigger for scoped theming
ok 46 - Tooltip forwards every declared prop and marks its trigger for scoped theming
  ---
  duration_ms: 0.436833
  type: 'test'
  ...
# Subtest: Search forwards all state, callback, placement, custom-state, and input-ref props
ok 47 - Search forwards all state, callback, placement, custom-state, and input-ref props
  ---
  duration_ms: 0.112208
  type: 'test'
  ...
# Subtest: Search portal observer names its own dialog and attaches and clears the actual input ref
ok 48 - Search portal observer names its own dialog and attaches and clears the actual input ref
  ---
  duration_ms: 0.707125
  type: 'test'
  ...
# Subtest: SearchButton preserves native button props, shortcuts, callbacks, children, and ref
ok 49 - SearchButton preserves native button props, shortcuts, callbacks, children, and ref
  ---
  duration_ms: 0.13175
  type: 'test'
  ...
# Subtest: SearchProvider keeps package context compatibility and every provider prop
ok 50 - SearchProvider keeps package context compatibility and every provider prop
  ---
  duration_ms: 5.899917
  type: 'test'
  ...
# Subtest: serializable MDX excludes callback-required Search and SearchProvider
ok 51 - serializable MDX excludes callback-required Search and SearchProvider
  ---
  duration_ms: 7.035375
  type: 'test'
  ...
# Subtest: fixtures are executable, deterministic, and cover every required overlay state
ok 52 - fixtures are executable, deterministic, and cover every required overlay state
  ---
  duration_ms: 17.02875
  type: 'test'
  ...
# Subtest: family CSS scopes body-mounted search and tooltip portals to Store docs
ok 53 - family CSS scopes body-mounted search and tooltip portals to Store docs
  ---
  duration_ms: 4.915375
  type: 'test'
  ...
# Subtest: status facade exposes every assigned component
ok 54 - status facade exposes every assigned component
  ---
  duration_ms: 332.786125
  type: 'test'
  ...
# Subtest: Badge renders every public color, variant, size, and shape as an inspectable state
ok 55 - Badge renders every public color, variant, size, and shape as an inspectable state
  ---
  duration_ms: 203.383334
  type: 'test'
  ...
# Subtest: Badge retains link, button, disabled, icon, and deprecated stroke behavior
ok 56 - Badge retains link, button, disabled, icon, and deprecated stroke behavior
  ---
  duration_ms: 185.263667
  type: 'test'
  ...
# Subtest: Callout covers all variants and lets explicit variant override a legacy type
ok 57 - Callout covers all variants and lets explicit variant override a legacy type
  ---
  duration_ms: 163.895416
  type: 'test'
  ...
# Subtest: Callout supports named aliases plus custom icon, color, class, and accessible label
ok 58 - Callout supports named aliases plus custom icon, color, class, and accessible label
  ---
  duration_ms: 159.254583
  type: 'test'
  ...
# Subtest: Property and ParamHead retain metadata, labels, content, ids, and hidden state
ok 59 - Property and ParamHead retain metadata, labels, content, ids, and hidden state
  ---
  duration_ms: 161.842291
  type: 'test'
  ...
# Subtest: Pills preserve arbitrary content and optional label absence
ok 60 - Pills preserve arbitrary content and optional label absence
  ---
  duration_ms: 154.0345
  type: 'test'
  ...
# Subtest: client fixtures have stable metadata and execute with the real adapters
ok 61 - client fixtures have stable metadata and execute with the real adapters
  ---
  duration_ms: 164.800375
  type: 'test'
  ...
1..61
# tests 61
# suites 0
# pass 61
# fail 0
# cancelled 0
# skipped 0
# todo 0
# duration_ms 2357.138833
