TAP version 13
# Subtest: mintlify CJS loader rewrites Vite __require imports to the named namespace export
ok 1 - mintlify CJS loader rewrites Vite __require imports to the named namespace export
  ---
  duration_ms: 0.685333
  type: 'test'
  ...
# Subtest: mintlify CJS loader leaves files without __require unchanged
ok 2 - mintlify CJS loader leaves files without __require unchanged
  ---
  duration_ms: 0.06325
  type: 'test'
  ...
# Subtest: all executable code fixtures render through real adapters
ok 3 - all executable code fixtures render through real adapters
  ---
  duration_ms: 30.093083
  type: 'test'
  ...
# Subtest: compiled fences preserve token elements independently from exact source
ok 4 - compiled fences preserve token elements independently from exact source
  ---
  duration_ms: 152.026375
  type: 'test'
  ...
# Subtest: fences without raw metadata retain content without guessing copy text
ok 5 - fences without raw metadata retain content without guessing copy text
  ---
  duration_ms: 0.415458
  type: 'test'
  ...
# Subtest: code source honors compiler metadata and preserves whitespace
ok 6 - code source honors compiler metadata and preserves whitespace
  ---
  duration_ms: 0.130542
  type: 'test'
  ...
# Subtest: groups clamp initial selection and keep accessible panel associations
ok 7 - groups clamp initial selection and keep accessible panel associations
  ---
  duration_ms: 3.060584
  type: 'test'
  ...
# Subtest: explicit code UI themes and syntax data survive adapters
ok 8 - explicit code UI themes and syntax data survive adapters
  ---
  duration_ms: 1.732584
  type: 'test'
  ...
# Subtest: copy overrides, hidden assistant and line-state options render
ok 9 - copy overrides, hidden assistant and line-state options render
  ---
  duration_ms: 1.240583
  type: 'test'
  ...
# Subtest: empty registry, snippet elements and audio sources remain valid
ok 10 - empty registry, snippet elements and audio sources remain valid
  ---
  duration_ms: 5.472542
  type: 'test'
  ...
# Subtest: Tidal highlighter emits real syntax spans and precise line states
ok 11 - Tidal highlighter emits real syntax spans and precise line states
  ---
  duration_ms: 113.92575
  type: 'test'
  ...
# Subtest: explicit CSS-variable syntax theme honors Shiki variable names
ok 12 - explicit CSS-variable syntax theme honors Shiki variable names
  ---
  duration_ms: 159.530292
  type: 'test'
  ...
# Subtest: installed package runtime census remains 42 components and 12 utilities
ok 13 - installed package runtime census remains 42 components and 12 utilities
  ---
  duration_ms: 0.54975
  type: 'test'
  ...
# Subtest: compatibility runtime preserves every package runtime import and compound member
ok 14 - compatibility runtime preserves every package runtime import and compound member
  ---
  duration_ms: 1573.41175
  type: 'test'
  ...
# Subtest: production MDX map exposes every component and compound while caller overrides win
ok 15 - production MDX map exposes every component and compound while caller overrides win
  ---
  duration_ms: 766.189334
  type: 'test'
  ...
# Subtest: default Mermaid theme resolves Tidal tokens while authored configuration keeps authority
ok 16 - default Mermaid theme resolves Tidal tokens while authored configuration keeps authority
  ---
  duration_ms: 0.826834
  type: 'test'
  ...
# Subtest: SVG identities and references are isolated without rewriting authored colors or data IDs
ok 17 - SVG identities and references are isolated without rewriting authored colors or data IDs
  ---
  duration_ms: 0.738375
  type: 'test'
  ...
# Subtest: render queue prevents overlapping singleton config transactions and recovers after failure
ok 18 - render queue prevents overlapping singleton config transactions and recovers after failure
  ---
  duration_ms: 0.856333
  type: 'test'
  ...
# Subtest: Mermaid SSR exposes names/loading and declared explicit versus automatic action states
ok 19 - Mermaid SSR exposes names/loading and declared explicit versus automatic action states
  ---
  duration_ms: 57.150334
  type: 'test'
  ...
# Subtest: public zoom controls retain all seven accessible actions and callback direction values
ok 20 - public zoom controls retain all seven accessible actions and callback direction values
  ---
  duration_ms: 6.033709
  type: 'test'
  ...
# Subtest: all diagram fixtures have stable metadata and render actual client boundaries
ok 21 - all diagram fixtures have stable metadata and render actual client boundaries
  ---
  duration_ms: 602.659042
  type: 'test'
  ...
# Subtest: compound members and standalone MDX aliases are identical
ok 22 - compound members and standalone MDX aliases are identical
  ---
  duration_ms: 0.590375
  type: 'test'
  ...
# Subtest: accordion preserves legacy boolean/string initial states and URL ancestry
ok 23 - accordion preserves legacy boolean/string initial states and URL ancestry
  ---
  duration_ms: 14.768166
  type: 'test'
  ...
# Subtest: expandable lazy rendering and unique summary-panel relationships
ok 24 - expandable lazy rendering and unique summary-panel relationships
  ---
  duration_ms: 4.449792
  type: 'test'
  ...
# Subtest: accordion repeated titles have unique IDs in server HTML and disabled semantics
ok 25 - accordion repeated titles have unique IDs in server HTML and disabled semantics
  ---
  duration_ms: 14.731875
  type: 'test'
  ...
# Subtest: tabs preserve initial selection, duplicate-label IDs, panel ref surface and all content
ok 26 - tabs preserve initial selection, duplicate-label IDs, panel ref surface and all content
  ---
  duration_ms: 1.0935
  type: 'test'
  ...
# Subtest: steps keep heading sizes, explicit numbering, and nested list semantics
ok 27 - steps keep heading sizes, explicit numbering, and nested list semantics
  ---
  duration_ms: 1.119958
  type: 'test'
  ...
# Subtest: tree exposes open group ownership and omits closed or non-openable children
ok 28 - tree exposes open group ownership and omits closed or non-openable children
  ---
  duration_ms: 1.044833
  type: 'test'
  ...
# Subtest: every disclosure fixture is stable, documented, and executable
ok 29 - every disclosure fixture is stable, documented, and executable
  ---
  duration_ms: 586.704083
  type: 'test'
  ...
# Subtest: layout family exports every compatibility component and compound member
ok 30 - layout family exports every compatibility component and compound member
  ---
  duration_ms: 0.659083
  type: 'test'
  ...
# Subtest: Card preserves navigation semantics, explicit as, and disabled state
ok 31 - Card preserves navigation semantics, explicit as, and disabled state
  ---
  duration_ms: 10.266584
  type: 'test'
  ...
# Subtest: Columns and CardGroup preserve every column count and local defaults
ok 32 - Columns and CardGroup preserve every column count and local defaults
  ---
  duration_ms: 1.178167
  type: 'test'
  ...
# Subtest: Frame preserves media, author style, description rendering, and optional defaults
ok 33 - Frame preserves media, author style, description rendering, and optional defaults
  ---
  duration_ms: 0.642
  type: 'test'
  ...
# Subtest: Panel and Tile retain caller HTML props and link states
ok 34 - Panel and Tile retain caller HTML props and link states
  ---
  duration_ms: 0.75475
  type: 'test'
  ...
# Subtest: Update defaults visible and honors hidden state
ok 35 - Update defaults visible and honors hidden state
  ---
  duration_ms: 0.734083
  type: 'test'
  ...
# Subtest: View requires an explicit registry and stays empty until client mount
ok 36 - View requires an explicit registry and stays empty until client mount
  ---
  duration_ms: 0.165084
  type: 'test'
  ...
# Subtest: Color keeps compact/table variants and author supplied current and legacy swatches
ok 37 - Color keeps compact/table variants and author supplied current and legacy swatches
  ---
  duration_ms: 3.218834
  type: 'test'
  ...
# Subtest: Icon preserves library, type, color, size, and override behavior
ok 38 - Icon preserves library, type, color, size, and override behavior
  ---
  duration_ms: 0.502083
  type: 'test'
  ...
# Subtest: fixtures are executable, uniquely identified, and cover enums and required states
ok 39 - fixtures are executable, uniquely identified, and cover enums and required states
  ---
  duration_ms: 15.118042
  type: 'test'
  ...
# Subtest: family CSS is fully scoped and uses shared semantic tokens without overriding swatches
ok 40 - family CSS is fully scoped and uses shared semantic tokens without overriding swatches
  ---
  duration_ms: 3.892291
  type: 'test'
  ...
# Subtest: overlay family exports the complete runtime and type-compatible ref adapters
ok 41 - overlay family exports the complete runtime and type-compatible ref adapters
  ---
  duration_ms: 0.600667
  type: 'test'
  ...
# Subtest: Tooltip forwards every declared prop and marks its trigger for scoped theming
ok 42 - Tooltip forwards every declared prop and marks its trigger for scoped theming
  ---
  duration_ms: 0.450041
  type: 'test'
  ...
# Subtest: Search forwards all state, callback, placement, custom-state, and input-ref props
ok 43 - Search forwards all state, callback, placement, custom-state, and input-ref props
  ---
  duration_ms: 0.127375
  type: 'test'
  ...
# Subtest: SearchButton preserves native button props, shortcuts, callbacks, children, and ref
ok 44 - SearchButton preserves native button props, shortcuts, callbacks, children, and ref
  ---
  duration_ms: 0.074208
  type: 'test'
  ...
# Subtest: SearchProvider keeps package context compatibility and every provider prop
ok 45 - SearchProvider keeps package context compatibility and every provider prop
  ---
  duration_ms: 0.1375
  type: 'test'
  ...
# Subtest: serializable MDX excludes callback-required Search and SearchProvider
ok 46 - serializable MDX excludes callback-required Search and SearchProvider
  ---
  duration_ms: 4.3945
  type: 'test'
  ...
# Subtest: fixtures are executable, deterministic, and cover every required overlay state
ok 47 - fixtures are executable, deterministic, and cover every required overlay state
  ---
  duration_ms: 26.303042
  type: 'test'
  ...
# Subtest: family CSS scopes body-mounted search and tooltip portals to Store docs
ok 48 - family CSS scopes body-mounted search and tooltip portals to Store docs
  ---
  duration_ms: 18.275
  type: 'test'
  ...
# Subtest: status facade exposes every assigned component
ok 49 - status facade exposes every assigned component
  ---
  duration_ms: 361.178458
  type: 'test'
  ...
# Subtest: Badge renders every public color, variant, size, and shape as an inspectable state
ok 50 - Badge renders every public color, variant, size, and shape as an inspectable state
  ---
  duration_ms: 308.181875
  type: 'test'
  ...
# Subtest: Badge retains link, button, disabled, icon, and deprecated stroke behavior
ok 51 - Badge retains link, button, disabled, icon, and deprecated stroke behavior
  ---
  duration_ms: 219.461625
  type: 'test'
  ...
# Subtest: Callout covers all variants and lets explicit variant override a legacy type
ok 52 - Callout covers all variants and lets explicit variant override a legacy type
  ---
  duration_ms: 144.111625
  type: 'test'
  ...
# Subtest: Callout supports named aliases plus custom icon, color, class, and accessible label
ok 53 - Callout supports named aliases plus custom icon, color, class, and accessible label
  ---
  duration_ms: 183.608625
  type: 'test'
  ...
# Subtest: Property and ParamHead retain metadata, labels, content, ids, and hidden state
ok 54 - Property and ParamHead retain metadata, labels, content, ids, and hidden state
  ---
  duration_ms: 167.045334
  type: 'test'
  ...
# Subtest: Pills preserve arbitrary content and optional label absence
ok 55 - Pills preserve arbitrary content and optional label absence
  ---
  duration_ms: 131.227583
  type: 'test'
  ...
# Subtest: client fixtures have stable metadata and execute with the real adapters
ok 56 - client fixtures have stable metadata and execute with the real adapters
  ---
  duration_ms: 147.347166
  type: 'test'
  ...
1..56
# tests 56
# suites 0
# pass 56
# fail 0
# cancelled 0
# skipped 0
# todo 0
# duration_ms 2586.579625
