Configuration on demand is an incubating feature.
Type-safe project accessors is an incubating feature.

> Configure project :store6-quickstart
w: [33m[1m⚠️ Deprecated Gradle Property 'kotlin.js.compiler' Used[0m[0m
The `kotlin.js.compiler` deprecated property is used in your build.
[32m[1mSolution:[0m[0m
[32m[3mIt is unsupported, please stop using it.[0m[0m

w: [33m[1m⚠️ Deprecated Gradle Property 'kotlin.mpp.androidGradlePluginCompatibility.nowarn' Used[0m[0m
The `kotlin.mpp.androidGradlePluginCompatibility.nowarn` deprecated property is used in your build.
[32m[1mSolution:[0m[0m
[32m[3mIt is unsupported, please stop using it.[0m[0m


> Task :tooling:plugins:checkKotlinGradlePluginConfigurationErrors SKIPPED
> Task :tooling:plugins:pluginDescriptors
> Task :tooling:plugins:processResources

> Task :tooling:plugins:compileKotlin
w: file:///private/tmp/store6-design-revision-source-20260906/tooling/plugins/src/main/kotlin/org/mobilenativefoundation/store/tooling/plugins/AndroidConventionPlugin.kt:29:17 'targetSdk: Int?' is deprecated. Will be removed from library DSL in v9.0. Use testOptions.targetSdk or/and lint.targetSdk instead
w: file:///private/tmp/store6-design-revision-source-20260906/tooling/plugins/src/main/kotlin/org/mobilenativefoundation/store/tooling/plugins/KotlinMultiplatformConventionPlugin.kt:86:21 'compilerOptions: HasCompilerOptions<*>' is deprecated. To configure compilation compiler options use 'compileTaskProvider':
compilation.compileTaskProvider.configure{
    compilerOptions {}
}
w: file:///private/tmp/store6-design-revision-source-20260906/tooling/plugins/src/main/kotlin/org/mobilenativefoundation/store/tooling/plugins/KotlinMultiplatformConventionPlugin.kt:94:21 'compilerOptions: NativeCompilerOptions' is deprecated. To configure compilation compiler options use 'compileTaskProvider':
compilation.compileTaskProvider.configure{
    compilerOptions {}
}
w: file:///private/tmp/store6-design-revision-source-20260906/tooling/plugins/src/main/kotlin/org/mobilenativefoundation/store/tooling/plugins/KotlinMultiplatformConventionPlugin.kt:166:13 'targetSdk: Int?' is deprecated. Will be removed from library DSL in v9.0. Use testOptions.targetSdk or/and lint.targetSdk instead

> Task :tooling:plugins:compileJava NO-SOURCE
> Task :tooling:plugins:classes
> Task :tooling:plugins:jar

> Configure project :store6-core
w: [33m[1m⚠️ Kotlin targets do not support Configuration on Demand[0m[0m
Gradle Configuration on Demand is enabled, but project ':store6-core' has Kotlin targets that do not support this feature.
This may lead to unpredictable and inconsistent behaviour during a Gradle build.

Unsupported targets: [js, wasmJs]

See https://youtrack.jetbrains.com/issue/KT-52074 for the status of Configuration on Demand support.
[32m[1mSolution:[0m[0m
[32m[3mDo not enable Configuration on Demand[0m[0m
[36mSee [0m[34mhttps://docs.gradle.org/current/userguide/configuration_on_demand.html[0m[36m for more details.[0m


> Task :store6-core:kmpPartiallyResolvedDependenciesChecker
> Task :store6-core:checkKotlinGradlePluginConfigurationErrors SKIPPED
> Task :store6-core:compileKotlinJvm FROM-CACHE
> Task :store6-core:compileJvmMainJava NO-SOURCE
> Task :store6-core:jvmProcessResources NO-SOURCE
> Task :store6-core:processJvmMainResources SKIPPED
> Task :store6-core:jvmMainClasses UP-TO-DATE
> Task :store6-core:jvmJar
> Task :store6-quickstart:checkKotlinGradlePluginConfigurationErrors SKIPPED
> Task :store6-quickstart:processResources NO-SOURCE
> Task :store6-quickstart:compileKotlin
> Task :store6-quickstart:compileJava NO-SOURCE
> Task :store6-quickstart:classes UP-TO-DATE

> Task :store6-quickstart:run
Loading…
Data(name=User 1, origin=FETCHER)
get: User 2
[Incubating] Problems report is available at: file:///private/tmp/store6-design-revision-source-20260906/build/reports/problems/problems-report.html

BUILD SUCCESSFUL in 3s
9 actionable tasks: 8 executed, 1 from cache
