TAP version 13
# Subtest: compound members and standalone MDX aliases are identical
ok 1 - compound members and standalone MDX aliases are identical
  ---
  duration_ms: 0.585708
  type: 'test'
  ...
# Subtest: accordion preserves legacy boolean/string initial states and URL ancestry
ok 2 - accordion preserves legacy boolean/string initial states and URL ancestry
  ---
  duration_ms: 12.477125
  type: 'test'
  ...
# Subtest: expandable lazy rendering and unique summary-panel relationships
ok 3 - expandable lazy rendering and unique summary-panel relationships
  ---
  duration_ms: 4.182208
  type: 'test'
  ...
# Subtest: accordion repeated titles have unique IDs in server HTML and disabled semantics
ok 4 - accordion repeated titles have unique IDs in server HTML and disabled semantics
  ---
  duration_ms: 2.002291
  type: 'test'
  ...
# Subtest: tabs preserve initial selection, duplicate-label IDs, panel ref surface and all content
ok 5 - tabs preserve initial selection, duplicate-label IDs, panel ref surface and all content
  ---
  duration_ms: 0.980292
  type: 'test'
  ...
# Subtest: steps keep heading sizes, explicit numbering, and nested list semantics
ok 6 - steps keep heading sizes, explicit numbering, and nested list semantics
  ---
  duration_ms: 0.8675
  type: 'test'
  ...
# Subtest: tree exposes open group ownership and omits closed or non-openable children
ok 7 - tree exposes open group ownership and omits closed or non-openable children
  ---
  duration_ms: 1.007166
  type: 'test'
  ...
# Subtest: every disclosure fixture is stable, documented, and executable
ok 8 - every disclosure fixture is stable, documented, and executable
  ---
  duration_ms: 259.274958
  type: 'test'
  ...
# Subtest: overlay family exports the complete runtime and type-compatible ref adapters
ok 9 - overlay family exports the complete runtime and type-compatible ref adapters
  ---
  duration_ms: 0.594709
  type: 'test'
  ...
# Subtest: Tooltip forwards every declared prop and marks its trigger for scoped theming
ok 10 - Tooltip forwards every declared prop and marks its trigger for scoped theming
  ---
  duration_ms: 3.519709
  type: 'test'
  ...
# Subtest: Search forwards all state, callback, placement, custom-state, and input-ref props
ok 11 - Search forwards all state, callback, placement, custom-state, and input-ref props
  ---
  duration_ms: 0.243792
  type: 'test'
  ...
# Subtest: Search portal observer names its own dialog and attaches and clears the actual input ref
ok 12 - Search portal observer names its own dialog and attaches and clears the actual input ref
  ---
  duration_ms: 0.77775
  type: 'test'
  ...
# Subtest: SearchButton preserves native button props, shortcuts, callbacks, children, and ref
ok 13 - SearchButton preserves native button props, shortcuts, callbacks, children, and ref
  ---
  duration_ms: 0.111083
  type: 'test'
  ...
# Subtest: SearchProvider keeps package context compatibility and every provider prop
ok 14 - SearchProvider keeps package context compatibility and every provider prop
  ---
  duration_ms: 4.179584
  type: 'test'
  ...
# Subtest: serializable MDX excludes callback-required Search and SearchProvider
ok 15 - serializable MDX excludes callback-required Search and SearchProvider
  ---
  duration_ms: 1.687208
  type: 'test'
  ...
# Subtest: fixtures are executable, deterministic, and cover every required overlay state
ok 16 - fixtures are executable, deterministic, and cover every required overlay state
  ---
  duration_ms: 11.37775
  type: 'test'
  ...
# Subtest: family CSS scopes body-mounted search and tooltip portals to Store docs
ok 17 - family CSS scopes body-mounted search and tooltip portals to Store docs
  ---
  duration_ms: 0.810667
  type: 'test'
  ...
# Subtest: status facade exposes every assigned component
ok 18 - status facade exposes every assigned component
  ---
  duration_ms: 184.211167
  type: 'test'
  ...
# Subtest: Badge renders every public color, variant, size, and shape as an inspectable state
ok 19 - Badge renders every public color, variant, size, and shape as an inspectable state
  ---
  duration_ms: 158.917041
  type: 'test'
  ...
# Subtest: Badge retains link, button, disabled, icon, and deprecated stroke behavior
ok 20 - Badge retains link, button, disabled, icon, and deprecated stroke behavior
  ---
  duration_ms: 102.801375
  type: 'test'
  ...
# Subtest: Callout covers all variants and lets explicit variant override a legacy type
ok 21 - Callout covers all variants and lets explicit variant override a legacy type
  ---
  duration_ms: 101.873917
  type: 'test'
  ...
# Subtest: Callout supports named aliases plus custom icon, color, class, and accessible label
ok 22 - Callout supports named aliases plus custom icon, color, class, and accessible label
  ---
  duration_ms: 102.510375
  type: 'test'
  ...
# Subtest: Property and ParamHead retain metadata, labels, content, ids, and hidden state
ok 23 - Property and ParamHead retain metadata, labels, content, ids, and hidden state
  ---
  duration_ms: 98.240709
  type: 'test'
  ...
# Subtest: Pills preserve arbitrary content and optional label absence
ok 24 - Pills preserve arbitrary content and optional label absence
  ---
  duration_ms: 91.71125
  type: 'test'
  ...
# Subtest: client fixtures have stable metadata and execute with the real adapters
ok 25 - client fixtures have stable metadata and execute with the real adapters
  ---
  duration_ms: 109.744083
  type: 'test'
  ...
# Subtest: ParamHead preserves the installed international fragment spelling
ok 26 - ParamHead preserves the installed international fragment spelling
  ---
  duration_ms: 99.026041
  type: 'test'
  ...
1..26
# tests 26
# suites 0
# pass 26
# fail 0
# cancelled 0
# skipped 0
# todo 0
# duration_ms 1244.910959
