TAP version 13
# Subtest: responsive module list preserves every module, tier and release
ok 1 - responsive module list preserves every module, tier and release
  ---
  duration_ms: 2.812417
  type: 'test'
  ...
# Subtest: target groups remain associated while storage exceptions stay in their rows
ok 2 - target groups remain associated while storage exceptions stay in their rows
  ---
  duration_ms: 1.262459
  type: 'test'
  ...
1..2
# tests 2
# suites 0
# pass 2
# fail 0
# cancelled 0
# skipped 0
# todo 0
# duration_ms 226.366833
